<html>
<body>
<pre>
<h1>µVision Build Log</h1>
<h2>Project:</h2>
C:\Keil\TExaSware\C11_Network\Network.uvproj
Project File Date:  09/02/2017

<h2>Output:</h2>
Build target 'Network'
assembling startup.s...
compiling PLL.c...
compiling SysTick.c...
compiling UART.c...
compiling Network.c...
linking...
Program Size: Code=1576 RO-data=48 RW-data=0 ZI-data=1120  
".\Network.axf" - 0 Error(s), 0 Warning(s).
compiling Network.c...
"Network.c" - 0 Error(s), 0 Warning(s).
Error: Could not load file 'C:\Keil\TExaSware\C11_Network\Network.axf'. Debugger aborted !
Clean started: Project: 'Network'
   deleting intermediate output files for target 'Network'
